[1m[32mINFO    [0m [1m[1m[32m|[0m[0m 2026-06-01 18:11:30,958 [1m[1m[32m|[0m[0m vkbottle.modules::179[1m[1m[32m > [0m[0m[1m[32mlogging is used as the default logger, but we recommend using loguru instead[0m
[33mWARNING [0m [1m[33m|[0m[0m 2026-06-01 18:11:31,161 [1m[33m|[0m[0m abc:__new__:106[1m[33m > [0m[0m[33mDeprecationWarning: Blueprints was deprecated and will be removed in future releases, read about new code separation method in documentation: 
https://vkbottle.rtfd.io/ru/latest/tutorial/code-separation/[0m
[33mWARNING [0m [1m[33m|[0m[0m 2026-06-01 18:11:31,205 [1m[33m|[0m[0m abc:__new__:106[1m[33m > [0m[0m[33mDeprecationWarning: Blueprints was deprecated and will be removed in future releases, read about new code separation method in documentation: 
https://vkbottle.rtfd.io/ru/latest/tutorial/code-separation/[0m
[33mWARNING [0m [1m[33m|[0m[0m 2026-06-01 18:11:31,233 [1m[33m|[0m[0m abc:__new__:106[1m[33m > [0m[0m[33mDeprecationWarning: Blueprints was deprecated and will be removed in future releases, read about new code separation method in documentation: 
https://vkbottle.rtfd.io/ru/latest/tutorial/code-separation/[0m
[33mWARNING [0m [1m[33m|[0m[0m 2026-06-01 18:11:31,239 [1m[33m|[0m[0m typing_extensions:__init_subclass__:2989[1m[33m > [0m[0m[33mDeprecationWarning: Blueprints was deprecated and will be removed in future releases, read about new code separation method in documentation: 
https://vkbottle.rtfd.io/ru/latest/tutorial/code-separation/[0m
[1m[34mDEBUG   [0m [1m[1m[34m|[0m[0m 2026-06-01 18:11:31,709 [1m[1m[34m|[0m[0m matplotlib:wrapper:337[1m[1m[34m > [0m[0m[1m[34mmatplotlib data path: /Users/maria/Desktop/bot/backend/.venv/lib/python3.9/site-packages/matplotlib/mpl-data[0m
[33mWARNING [0m [1m[33m|[0m[0m 2026-06-01 18:11:31,759 [1m[33m|[0m[0m matplotlib._fontconfig_pattern:parse_fontconfig_pattern:88[1m[33m > [0m[0m[33mPyparsingDeprecationWarning: 'parseString' deprecated - use 'parse_string'[0m
[33mWARNING [0m [1m[33m|[0m[0m 2026-06-01 18:11:31,781 [1m[33m|[0m[0m matplotlib._fontconfig_pattern:parse_fontconfig_pattern:92[1m[33m > [0m[0m[33mPyparsingDeprecationWarning: 'resetCache' deprecated - use 'reset_cache'[0m
[33mWARNING [0m [1m[33m|[0m[0m 2026-06-01 18:11:31,801 [1m[33m|[0m[0m matplotlib._fontconfig_pattern:parse_fontconfig_pattern:88[1m[33m > [0m[0m[33mPyparsingDeprecationWarning: 'parseString' deprecated - use 'parse_string'[0m
[33mWARNING [0m [1m[33m|[0m[0m 2026-06-01 18:11:31,821 [1m[33m|[0m[0m matplotlib._fontconfig_pattern:parse_fontconfig_pattern:92[1m[33m > [0m[0m[33mPyparsingDeprecationWarning: 'resetCache' deprecated - use 'reset_cache'[0m
[33mWARNING [0m [1m[33m|[0m[0m 2026-06-01 18:11:31,841 [1m[33m|[0m[0m matplotlib._fontconfig_pattern:parse_fontconfig_pattern:88[1m[33m > [0m[0m[33mPyparsingDeprecationWarning: 'parseString' deprecated - use 'parse_string'[0m
[33mWARNING [0m [1m[33m|[0m[0m 2026-06-01 18:11:31,861 [1m[33m|[0m[0m matplotlib._fontconfig_pattern:parse_fontconfig_pattern:92[1m[33m > [0m[0m[33mPyparsingDeprecationWarning: 'resetCache' deprecated - use 'reset_cache'[0m
[33mWARNING [0m [1m[33m|[0m[0m 2026-06-01 18:11:31,880 [1m[33m|[0m[0m matplotlib._fontconfig_pattern:parse_fontconfig_pattern:88[1m[33m > [0m[0m[33mPyparsingDeprecationWarning: 'parseString' deprecated - use 'parse_string'[0m
[33mWARNING [0m [1m[33m|[0m[0m 2026-06-01 18:11:31,900 [1m[33m|[0m[0m matplotlib._fontconfig_pattern:parse_fontconfig_pattern:92[1m[33m > [0m[0m[33mPyparsingDeprecationWarning: 'resetCache' deprecated - use 'reset_cache'[0m
[33mWARNING [0m [1m[33m|[0m[0m 2026-06-01 18:11:31,920 [1m[33m|[0m[0m matplotlib._fontconfig_pattern:parse_fontconfig_pattern:88[1m[33m > [0m[0m[33mPyparsingDeprecationWarning: 'parseString' deprecated - use 'parse_string'[0m
[33mWARNING [0m [1m[33m|[0m[0m 2026-06-01 18:11:31,940 [1m[33m|[0m[0m matplotlib._fontconfig_pattern:parse_fontconfig_pattern:92[1m[33m > [0m[0m[33mPyparsingDeprecationWarning: 'resetCache' deprecated - use 'reset_cache'[0m
[33mWARNING [0m [1m[33m|[0m[0m 2026-06-01 18:11:31,959 [1m[33m|[0m[0m matplotlib._fontconfig_pattern:parse_fontconfig_pattern:88[1m[33m > [0m[0m[33mPyparsingDeprecationWarning: 'parseString' deprecated - use 'parse_string'[0m
[33mWARNING [0m [1m[33m|[0m[0m 2026-06-01 18:11:31,979 [1m[33m|[0m[0m matplotlib._fontconfig_pattern:parse_fontconfig_pattern:92[1m[33m > [0m[0m[33mPyparsingDeprecationWarning: 'resetCache' deprecated - use 'reset_cache'[0m
[1m[34mDEBUG   [0m [1m[1m[34m|[0m[0m 2026-06-01 18:11:31,999 [1m[1m[34m|[0m[0m matplotlib:wrapper:337[1m[1m[34m > [0m[0m[1m[34mCONFIGDIR=/Users/maria/.matplotlib[0m
[1m[34mDEBUG   [0m [1m[1m[34m|[0m[0m 2026-06-01 18:11:32,019 [1m[1m[34m|[0m[0m matplotlib::1498[1m[1m[34m > [0m[0m[1m[34minteractive is False[0m
[1m[34mDEBUG   [0m [1m[1m[34m|[0m[0m 2026-06-01 18:11:32,038 [1m[1m[34m|[0m[0m matplotlib::1499[1m[1m[34m > [0m[0m[1m[34mplatform is darwin[0m
[1m[34mDEBUG   [0m [1m[1m[34m|[0m[0m 2026-06-01 18:11:32,088 [1m[1m[34m|[0m[0m matplotlib:wrapper:337[1m[1m[34m > [0m[0m[1m[34mCACHEDIR=/Users/maria/.matplotlib[0m
[1m[34mDEBUG   [0m [1m[1m[34m|[0m[0m 2026-06-01 18:11:32,171 [1m[1m[34m|[0m[0m matplotlib.font_manager:_load_fontmanager:1574[1m[1m[34m > [0m[0m[1m[34mUsing fontManager instance from /Users/maria/.matplotlib/fontlist-v330.json[0m
[33mWARNING [0m [1m[33m|[0m[0m 2026-06-01 18:11:32,305 [1m[33m|[0m[0m matplotlib._mathtext::45[1m[33m > [0m[0m[33mPyparsingDeprecationWarning: 'enablePackrat' deprecated - use 'enable_packrat'[0m
[33mWARNING [0m [1m[33m|[0m[0m 2026-06-01 18:11:32,435 [1m[33m|[0m[0m matplotlib.style.core:read_style_directory:213[1m[33m > [0m[0m[33mIn /Users/maria/Desktop/bot/backend/.venv/lib/python3.9/site-packages/matplotlib/mpl-data/stylelib/classic.mplstyle: 'parseString' deprecated - use 'parse_string'[0m
[33mWARNING [0m [1m[33m|[0m[0m 2026-06-01 18:11:32,480 [1m[33m|[0m[0m matplotlib.style.core:read_style_directory:213[1m[33m > [0m[0m[33mIn /Users/maria/Desktop/bot/backend/.venv/lib/python3.9/site-packages/matplotlib/mpl-data/stylelib/classic.mplstyle: 'resetCache' deprecated - use 'reset_cache'[0m
[33mWARNING [0m [1m[33m|[0m[0m 2026-06-01 18:11:32,526 [1m[33m|[0m[0m matplotlib.style.core:read_style_directory:213[1m[33m > [0m[0m[33mIn /Users/maria/Desktop/bot/backend/.venv/lib/python3.9/site-packages/matplotlib/mpl-data/stylelib/classic.mplstyle: 'parseString' deprecated - use 'parse_string'[0m
[33mWARNING [0m [1m[33m|[0m[0m 2026-06-01 18:11:32,568 [1m[33m|[0m[0m matplotlib.style.core:read_style_directory:213[1m[33m > [0m[0m[33mIn /Users/maria/Desktop/bot/backend/.venv/lib/python3.9/site-packages/matplotlib/mpl-data/stylelib/classic.mplstyle: 'resetCache' deprecated - use 'reset_cache'[0m
[33mWARNING [0m [1m[33m|[0m[0m 2026-06-01 18:11:32,610 [1m[33m|[0m[0m matplotlib.style.core:read_style_directory:213[1m[33m > [0m[0m[33mIn /Users/maria/Desktop/bot/backend/.venv/lib/python3.9/site-packages/matplotlib/mpl-data/stylelib/classic.mplstyle: 'parseString' deprecated - use 'parse_string'[0m
[33mWARNING [0m [1m[33m|[0m[0m 2026-06-01 18:11:32,652 [1m[33m|[0m[0m matplotlib.style.core:read_style_directory:213[1m[33m > [0m[0m[33mIn /Users/maria/Desktop/bot/backend/.venv/lib/python3.9/site-packages/matplotlib/mpl-data/stylelib/classic.mplstyle: 'resetCache' deprecated - use 'reset_cache'[0m
[33mWARNING [0m [1m[33m|[0m[0m 2026-06-01 18:11:32,693 [1m[33m|[0m[0m matplotlib.style.core:read_style_directory:213[1m[33m > [0m[0m[33mIn /Users/maria/Desktop/bot/backend/.venv/lib/python3.9/site-packages/matplotlib/mpl-data/stylelib/classic.mplstyle: 'parseString' deprecated - use 'parse_string'[0m
[33mWARNING [0m [1m[33m|[0m[0m 2026-06-01 18:11:32,734 [1m[33m|[0m[0m matplotlib.style.core:read_style_directory:213[1m[33m > [0m[0m[33mIn /Users/maria/Desktop/bot/backend/.venv/lib/python3.9/site-packages/matplotlib/mpl-data/stylelib/classic.mplstyle: 'resetCache' deprecated - use 'reset_cache'[0m
